Traceback (most recent call last):
  File "D:\code\voide\ComfyUI-MiniMax-H3-Workflow\scripts\submit_workflow.py", line 444, in <module>
    sys.exit(main())
             ~~~~^^
  File "D:\code\voide\ComfyUI-MiniMax-H3-Workflow\scripts\submit_workflow.py", line 432, in main
    return do_watch(a.watch, a.poll, a.timeout, a.collect_dir)
  File "D:\code\voide\ComfyUI-MiniMax-H3-Workflow\scripts\submit_workflow.py", line 375, in do_watch
    hist = _get("/history/%s" % pid)
  File "D:\code\voide\ComfyUI-MiniMax-H3-Workflow\scripts\submit_workflow.py", line 62, in _get
    with urllib.request.urlopen(HOST + path, timeout=TIMEOUT) as r:
         ~~~~~~~~~~~~~~~~~~~~~~^^^^^^^^^^^^^^^^^^^^^^^^^^^^^^
  File "D:\Comfy-Desktop\ComfyUI-Installs\ComfyUI-MiniMax-H3-Workflow\standalone-env\Lib\urllib\request.py", line 189, in urlopen
    return opener.open(url, data, timeout)
           ~~~~~~~~~~~^^^^^^^^^^^^^^^^^^^^
  File "D:\Comfy-Desktop\ComfyUI-Installs\ComfyUI-MiniMax-H3-Workflow\standalone-env\Lib\urllib\request.py", line 489, in open
    response = self._open(req, data)
  File "D:\Comfy-Desktop\ComfyUI-Installs\ComfyUI-MiniMax-H3-Workflow\standalone-env\Lib\urllib\request.py", line 506, in _open
    result = self._call_chain(self.handle_open, protocol, protocol +
                              '_open', req)
  File "D:\Comfy-Desktop\ComfyUI-Installs\ComfyUI-MiniMax-H3-Workflow\standalone-env\Lib\urllib\request.py", line 466, in _call_chain
    result = func(*args)
  File "D:\Comfy-Desktop\ComfyUI-Installs\ComfyUI-MiniMax-H3-Workflow\standalone-env\Lib\urllib\request.py", line 1348, in http_open
    return self.do_open(http.client.HTTPConnection, req)
           ~~~~~~~~~~~~^^^^^^^^^^^^^^^^^^^^^^^^^^^^^^^^^
  File "D:\Comfy-Desktop\ComfyUI-Installs\ComfyUI-MiniMax-H3-Workflow\standalone-env\Lib\urllib\request.py", line 1323, in do_open
    r = h.getresponse()
  File "D:\Comfy-Desktop\ComfyUI-Installs\ComfyUI-MiniMax-H3-Workflow\standalone-env\Lib\http\client.py", line 1450, in getresponse
    response.begin()
    ~~~~~~~~~~~~~~^^
  File "D:\Comfy-Desktop\ComfyUI-Installs\ComfyUI-MiniMax-H3-Workflow\standalone-env\Lib\http\client.py", line 336, in begin
    version, status, reason = self._read_status()
                              ~~~~~~~~~~~~~~~~~^^
  File "D:\Comfy-Desktop\ComfyUI-Installs\ComfyUI-MiniMax-H3-Workflow\standalone-env\Lib\http\client.py", line 297, in _read_status
    line = str(self.fp.readline(_MAXLINE + 1), "iso-8859-1")
               ~~~~~~~~~~~~~~~~^^^^^^^^^^^^^^
  File "D:\Comfy-Desktop\ComfyUI-Installs\ComfyUI-MiniMax-H3-Workflow\standalone-env\Lib\socket.py", line 719, in readinto
    return self._sock.recv_into(b)
           ~~~~~~~~~~~~~~~~~~~~^^^
ConnectionResetError: [WinError 10054] 远程主机强迫关闭了一个现有的连接。
